Hello, Fiesta!
a
Horse!
Hose!
["Hello,", "Fiesta!"]
